A Extensão "XFIG Input" falhou ao carregar porqueuma dependência não foi atendida. Dependência:
	tipo: executable
	localização: caminho
	frase: fig2dev

A Extensão "GIMP XCF" falhou ao carregar porqueuma dependência não foi atendida. Dependência:
	tipo: executable
	localização: caminho
	frase: gimp

A Extensão "Optimized PNG" falhou ao carregar porqueuma dependência não foi atendida. Dependência:
	tipo: executable
	localização: caminho
	frase: optipng

A Extensão "Export to PDF via Scribus" falhou ao carregar porqueuma dependência não foi atendida. Dependência:
	tipo: executable
	localização: caminho
	frase: scribus

A Extensão "Formula (typst)" falhou ao carregar porqueuma dependência não foi atendida. Dependência:
	tipo: executable
	localização: caminho
	frase: typst

